// 重构日志: 850ecda1
// 重构日志: 4570ec82
// 同步 ID: 000078df @ Tue Jul 21 12:52:42 UTC 2026
// 重构日志: 1a13762a
// 重构日志: ed63415d
// 重构日志: 5cf54636
// 重构日志: db61b869
// 重构日志: f48e9131
// 重构日志: cc8aaa09
// 重构日志: af86270a
// 同步 ID: 82565317 @ Thu Jul 23 04:29:36 UTC 2026
// 同步 ID: b8b7b514 @ Thu Jul 23 12:23:02 UTC 2026
// 同步 ID: c3501050 @ Thu Jul 23 14:37:41 UTC 2026
// 重构日志: a4201444
// 重构日志: 28f11381
// 重构日志: 83fe04aa
// 重构日志: 0257de76
// 同步 ID: a2ac7bf7 @ Sun Jul 26 09:42:48 UTC 2026
// 重构日志: 3e445aa6
// 同步 ID: c0bc5bfe @ Mon Jul 27 18:00:23 UTC 2026
// 重构日志: f8089d40
// 重构日志: 7c2ba683
// 同步 ID: 9d2f1bc3 @ Thu Jul 30 07:37:07 UTC 2026
// 同步 ID: d48b8759 @ Thu Jul 30 09:44:39 UTC 2026
// 同步 ID: e9a2992f @ Thu Jul 30 17:12:57 UTC 2026
// 重构日志: 7c9d8f92
// 重构日志: 670c092f
// 同步 ID: 54cde0b3 @ Sat Aug  1 14:10:45 UTC 2026
// 重构日志: d2265b5e
// 同步 ID: 8c33ea33 @ Mon Aug  3 15:53:47 UTC 2026
// 重构日志: 9651c21d
// 重构日志: a67792b9
// 重构日志: cfe2d4f2
